exports[`test renders correctly 1`] = `
<div
  className="sc-bxivhb hMoIAM middle-xs  row">
  <div
    className="col-xs-6 
        undefined 
        undefined">
    <h1
      className="sc-bdVaJa kgyTWr">
      MORGAN & TYLER
    </h1>
  </div>
  <div
    className="col-xs-6 
        undefined 
        undefined">
    <div
      className="sc-bwzfXH kOgWQe"
      direction="right">
      <a
        className="sc-htpNat eXURAF"
        href="/"
        onClick={[Function]}>
        HOME
      </a>
      <a
        className="sc-htpNat eXURAF"
        href="/rsvp"
        onClick={[Function]}>
        RSVP
      </a>
    </div>
  </div>
</div>
`;
