exports[`test renders correctly 1`] = `
<div
  className={undefined}>
  <div
    className="sc-bxivhb kMwKRM middle-xs  row">
    <div
      className="col-xs-5 
          undefined 
          undefined
          ">
      <div
        className="sc-bdVaJa gSzrNk"
        direction="right">
        <a
          className="sc-htpNat kmAcjh"
          href="/"
          onClick={[Function]}>
          HOME
        </a>
        <a
          className="sc-htpNat kmAcjh"
          href="/details"
          onClick={[Function]}>
          DETAILS
        </a>
      </div>
    </div>
    <div
      className="col-xs-2 
          undefined 
          undefined
          center-xs">
      <img
        className="sc-bwzfXH fDgmpv"
        height="100px"
        src="logo.svg" />
    </div>
    <div
      className="col-xs-5 
          undefined 
          undefined
          ">
      <div
        className="sc-bdVaJa gKPlzC"
        direction="left">
        <a
          className="sc-htpNat kmAcjh"
          href="/rsvp"
          onClick={[Function]}>
          RSVP
        </a>
        <a
          className="sc-htpNat kmAcjh"
          href="/registry"
          onClick={[Function]}>
          REGISTRY
        </a>
      </div>
    </div>
  </div>
  <div
    className="sc-ifAKCX cyecDd">
    <div
      className="col-xs-2 
          undefined 
          undefined
          center-xs">
      <img
        className="sc-bwzfXH bKwDge"
        height="100px"
        src="logo.svg" />
    </div>
    <div>
      <div
        className="bm-overlay "
        onClick={[Function]}
        style={
          Object {
            "MozTransform": "translate3d(100%, 0, 0)",
            "MsTransform": "translate3d(100%, 0, 0)",
            "OTransform": "translate3d(100%, 0, 0)",
            "WebkitTransform": "translate3d(100%, 0, 0)",
            "background": "rgba(0, 0, 0, 0.3)",
            "height": "100%",
            "opacity": 0,
            "position": "fixed",
            "top": 0,
            "transform": "translate3d(100%, 0, 0)",
            "transition": "opacity 0.3s, transform 0s 0.3s",
            "width": "100%",
            "zIndex": 1,
          }
        } />
      <div
        className="bm-menu-wrap "
        id=""
        style={
          Object {
            "MozTransform": "translate3d(100%, 0, 0)",
            "MsTransform": "translate3d(100%, 0, 0)",
            "OTransform": "translate3d(100%, 0, 0)",
            "WebkitTransform": "translate3d(100%, 0, 0)",
            "height": "100%",
            "position": "fixed",
            "right": 0,
            "top": 0,
            "transform": "translate3d(100%, 0, 0)",
            "transition": "all 0.5s",
            "width": "300px",
            "zIndex": 2,
          }
        }>
        <div
          className="bm-menu "
          style={
            Object {
              "background": "#FFFFFF",
              "boxSizing": "border-box",
              "fontSize": "1.15em",
              "height": "100%",
              "overflow": "auto",
              "padding": "2.5em 1.5em 0",
            }
          }>
          <nav
            className="bm-item-list "
            style={
              Object {
                "color": "#4A4A4A",
                "height": "100%",
                "padding": "0.8em",
              }
            }>
            <a
              className="sc-htpNat kmAcjh"
              href="/"
              onClick={[Function]}
              style={
                Object {
                  "display": "block",
                  "outline": "none",
                }
              }>
              HOME
            </a>
            <a
              className="sc-htpNat kmAcjh"
              href="/details"
              onClick={[Function]}
              style={
                Object {
                  "display": "block",
                  "outline": "none",
                }
              }>
              DETAILS
            </a>
            <a
              className="sc-htpNat kmAcjh"
              href="/rsvp"
              onClick={[Function]}
              style={
                Object {
                  "display": "block",
                  "outline": "none",
                }
              }>
              RSVP
            </a>
            <a
              className="sc-htpNat kmAcjh"
              href="/registry"
              onClick={[Function]}
              style={
                Object {
                  "display": "block",
                  "outline": "none",
                }
              }>
              REGISTRY
            </a>
          </nav>
        </div>
        <div
          style={Object {}}>
          <div
            className="bm-cross-button "
            style={
              Object {
                "height": "24px",
                "position": "absolute",
                "right": 8,
                "top": 8,
                "width": "24px",
              }
            }>
            <span
              style={
                Object {
                  "position": "absolute",
                  "right": "14px",
                  "top": "6px",
                }
              }>
              <span
                className="bm-cross "
                style={
                  Object {
                    "background": "#bdc3c7",
                    "height": 14,
                    "position": "absolute",
                    "transform": "rotate(45deg)",
                    "width": 3,
                  }
                } />
              <span
                className="bm-cross "
                style={
                  Object {
                    "background": "#bdc3c7",
                    "height": 14,
                    "position": "absolute",
                    "transform": "rotate(-45deg)",
                    "width": 3,
                  }
                } />
            </span>
            <button
              onClick={[Function]}
              style={
                Object {
                  "background": "transparent",
                  "border": "none",
                  "cursor": "pointer",
                  "height": "100%",
                  "left": 0,
                  "margin": 0,
                  "outline": "none",
                  "padding": 0,
                  "position": "absolute",
                  "textIndent": -9999,
                  "top": 0,
                  "width": "100%",
                }
              }>
              Close Menu
            </button>
          </div>
        </div>
      </div>
      <div
        style={Object {}}>
        <div
          className="bm-burger-button "
          style={
            Object {
              "float": "right",
              "height": "30px",
              "position": "relative",
              "right": "25px",
              "top": "-63px",
              "width": "36px",
              "zIndex": 1,
            }
          }>
          <span>
            <span
              className="bm-burger-bars "
              style={
                Object {
                  "background": "#000000",
                  "height": "20%",
                  "left": 0,
                  "opacity": 1,
                  "position": "absolute",
                  "right": 0,
                  "top": "0%",
                }
              } />
            <span
              className="bm-burger-bars "
              style={
                Object {
                  "background": "#000000",
                  "height": "20%",
                  "left": 0,
                  "opacity": 1,
                  "position": "absolute",
                  "right": 0,
                  "top": "40%",
                }
              } />
            <span
              className="bm-burger-bars "
              style={
                Object {
                  "background": "#000000",
                  "height": "20%",
                  "left": 0,
                  "opacity": 1,
                  "position": "absolute",
                  "right": 0,
                  "top": "80%",
                }
              } />
          </span>
          <button
            onClick={[Function]}
            onMouseOut={[Function]}
            onMouseOver={[Function]}
            style={
              Object {
                "border": "none",
                "cursor": "pointer",
                "fontSize": 8,
                "height": "100%",
                "left": 0,
                "margin": 0,
                "opacity": 0,
                "padding": 0,
                "position": "absolute",
                "top": 0,
                "width": "100%",
              }
            }>
            Open Menu
          </button>
        </div>
      </div>
    </div>
  </div>
</div>
`;
