exports[`component structure renders correctly 1`] = `
<section>
  <div
    className="undefined  center-xs row">
    <div
      className="col-xs-10 
          col-sm-6 
          undefined
          ">
      <section
        className="sc-bxivhb eianJZ">
        <h1
          className="sc-bdVaJa fOkMPb">
          RSVP for December 2nd, 2017
        </h1>
        <form
          onSubmit={[Function]}>
          <div
            className="col-xs-12 
                undefined 
                undefined
                ">
            <div
              className="sc-bZQynM bSnXeh">
              <label
                className="sc-ifAKCX iPUEyZ"
                htmlFor="email">
                Email*
              </label>
              <input
                className="sc-EHOje iUexnX"
                id="email"
                name="email"
                onChange={[Function]}
                required={true}
                type="email"
                value="" />
            </div>
          </div>
          <div
            className="col-xs-12 
                undefined 
                undefined
                ">
            <div
              className="sc-bZQynM bSnXeh">
              <label
                className="sc-ifAKCX iPUEyZ"
                htmlFor="firstName">
                First Name*
              </label>
              <input
                className="sc-EHOje iUexnX"
                id="firstName"
                name="firstName"
                onChange={[Function]}
                required={true}
                type="text"
                value="" />
            </div>
          </div>
          <div
            className="col-xs-12 
                undefined 
                undefined
                ">
            <div
              className="sc-bZQynM bSnXeh">
              <label
                className="sc-ifAKCX iPUEyZ"
                htmlFor="lastName">
                Last Name*
              </label>
              <input
                className="sc-EHOje iUexnX"
                id="lastName"
                name="lastName"
                onChange={[Function]}
                required={true}
                type="text"
                value="" />
            </div>
          </div>
          <div
            className="col-xs-12 
                undefined 
                undefined
                ">
            <div
              className="sc-bZQynM bSnXeh">
              <label
                className="sc-ifAKCX iPUEyZ"
                htmlFor="attending">
                Will you be attending?*
              </label>
              <input
                className="sc-EHOje iUexnX"
                id="attending"
                name="attending"
                onChange={[Function]}
                required={true}
                type="text"
                value="" />
            </div>
          </div>
          <div
            className="col-xs-12 
                undefined 
                undefined
                ">
            <div
              className="sc-bZQynM bSnXeh">
              <label
                className="sc-ifAKCX iPUEyZ"
                htmlFor="food">
                Would you like braised boneless beef or autumn roasted salmon?
              </label>
              <input
                className="sc-EHOje iUexnX"
                id="food"
                name="food"
                onChange={[Function]}
                required={false}
                type="text"
                value="" />
            </div>
          </div>
          <div
            className="col-xs-12 
                undefined 
                undefined
                ">
            <div
              className="sc-bZQynM bSnXeh">
              <label
                className="sc-ifAKCX iPUEyZ"
                htmlFor="extraAttendees">
                Who else is coming with you?
              </label>
              <input
                className="sc-EHOje iUexnX"
                id="extraAttendees"
                name="extraAttendees"
                onChange={[Function]}
                required={false}
                type="text"
                value="" />
            </div>
          </div>
          <div
            className="col-xs-12 
                undefined 
                undefined
                ">
            <div
              className="sc-bZQynM bSnXeh">
              <label
                className="sc-ifAKCX iPUEyZ"
                htmlFor="guestFood">
                Would your guest like braised boneless beef or autumn roasted salmon?
              </label>
              <input
                className="sc-EHOje iUexnX"
                id="guestFood"
                name="guestFood"
                onChange={[Function]}
                required={false}
                type="text"
                value="" />
            </div>
          </div>
          <div
            className="col-xs-12 
                undefined 
                undefined
                ">
            <div
              className="sc-bZQynM bSnXeh">
              <label
                className="sc-ifAKCX iPUEyZ"
                htmlFor="songSuggestion">
                Do you have any song suggestions?
              </label>
              <input
                className="sc-EHOje iUexnX"
                id="songSuggestion"
                name="songSuggestion"
                onChange={[Function]}
                required={false}
                type="text"
                value="" />
            </div>
          </div>
          <div
            className="col-xs-12 
                undefined 
                undefined
                ">
            <div
              className="sc-htoDjs bswhhT">
              <label
                className="sc-ifAKCX iPUEyZ"
                htmlFor="message">
                Are you as excited as we are? Let us know!
              </label>
              <textarea
                className="sc-gzVnrw bYhlWP"
                id="message"
                name="message"
                onChange={[Function]}
                value="" />
            </div>
          </div>
          <div
            className="col-xs-12 
                undefined 
                undefined
                ">
            <button
              className="sc-bwzfXH foOjvG"
              type="submit">
              SUBMIT
            </button>
          </div>
        </form>
      </section>
    </div>
  </div>
</section>
`;
